### Step 2A
/c/Users/vedaa

### Step 2B
$ cd OneDrive/desktop
vedaa@Vedanthlaptop MINGW64 ~/OneDrive/desktop

### Step 2C
$ cd unit1-git-practice/
vedaa@Vedanthlaptop MINGW64 ~/OneDrive/desktop/unit1-git-practice

### Step 2D
$ pwd
/c/Users/vedaa/OneDrive/desktop/unit1-git-practice
### Step 2E
$ ls

### Step 2F
my-steps.txt

### Step 2G
$ cd /

### Step 2H
$ pwd
/
### Step 2I
$ ls
LICENSE.txt        cmd/  git-bash.exe*  proc/         unins000.exe*
ReleaseNotes.html  dev/  git-cmd.exe*   tmp/          unins000.msg
bin/               etc/  mingw64/       unins000.dat  usr/

### Step 2J
$ cd ~
$ pwd
/c/Users/vedaa

### Step 2K
$ cd OneDrive/desktop/unit1-git-practice/
vedaa@Vedanthlaptop MINGW64 ~/OneDrive/desktop/unit1-git-practice

### Step 3A
$ mkdir veggies
$ mkdir meats
$ mkdir desserts
$ ls
desserts/  meats/  my-steps.txt  veggies/

### Step 3B
$ mv desserts sweets
meats/  my-steps.txt  sweets/  veggies/


### Step 3C
$ mkdir proteins
$ ls
meats/  my-steps.txt  proteins/  sweets/  veggies/

### Step 3D
$ mv meats proteins/
$ cd proteins
vedaa@Vedanthlaptop MINGW64 ~/OneDrive/desktop/unit1-git-practice/proteins
$ ls
meats/

### Step 3E
$ cd veggies
vedaa@Vedanthlaptop MINGW64 ~/OneDrive/desktop/unit1-git-practice/veggies
$ ls
carrot.txt  pea.txt

### Step 3F
$ cd ..
$ cd sweets
vedaa@Vedanthlaptop MINGW64 ~/OneDrive/desktop/unit1-git-practice/sweets
$ ls
cookie.txt

### Step 3G
$ mv cookie.txt donut.txt


### Step 3H
$ cd ..
vedaa@Vedanthlaptop MINGW64 ~/OneDrive/desktop/unit1-git-practice
$ touch thing.txt
$ ls
my-steps.txt  proteins/  sweets/  thing.txt  veggies/

### Step 3I
$ cp thing.txt tofu.txt
$ ls
my-steps.txt  proteins/  sweets/  thing.txt  tofu.txt veggies/

### Step 3J
$ mv tofu.txt proteins/
$ cd proteins/
$ ls
meats/  tofu.txt

### Step 3K
$ cp thing.txt crab.txt
$ mv crab.txt proteins/meats/
$ cd proteins/meats/

vedaa@Vedanthlaptop MINGW64 ~/OneDrive/desktop/unit1-git-practice/proteins/meats
$ ls
crab.txt


### Step 3L
$ rm thing.txt
vedaa@Vedanthlaptop MINGW64 ~/OneDrive/desktop/unit1-git-practice
$ ls
my-steps.txt  proteins/  sweets/  veggies/


### Step 3M
$ cp -r veggies plants


### Step 3N
$ mkdir drinks
vedaa@Vedanthlaptop MINGW64 ~/OneDrive/desktop/unit1-git-practice
$ ls
drinks/  my-steps.txt  plants/  proteins/  sweets/  veggies/

$ rm -r drinks
vedaa@Vedanthlaptop MINGW64 ~/OneDrive/desktop/unit1-git-practice
$ ls
my-steps.txt  plants/  proteins/  sweets/  veggies/

### Step 4

$ git init
Initialized empty Git repository in C:/Users/vedaa/OneDrive/Desktop/unit1-git-practice/.git/git
vedaa@Vedanthlaptop MINGW64 ~/OneDrive/desktop/unit1-git-practice (master)
$ git add .

vedaa@Vedanthlaptop MINGW64 ~/OneDrive/desktop/unit1-git-practice (master)
$ git commit -m 'first commit'
[master (root-commit) 99312c6] first commit
 7 files changed, 153 insertions(+)
 create mode 100644 my-steps.txt
 create mode 100644 plants/carrot.txt
 create mode 100644 plants/pea.txt
 create mode 100644 proteins/tofu.txt
 create mode 100644 sweets/tofu.txt
 create mode 100644 veggies/carrot.txt
 create mode 100644 veggies/pea.txt


### Step 5

$ git remote add origin https://github.com/bhuved/unit1-git-practice.git
$ git branch -M main
$ git push -u origin main


Enumerating objects: 6, done.
Counting objects: 100% (6/6), done.
Delta compression using up to 4 threads
Compressing objects: 100% (4/4), done.
Writing objects: 100% (6/6), 1.10 KiB | 562.00 KiB/s, done.
Total 6 (delta 0), reused 0 (delta 0), pack-reused 0 (from 0)
To https://github.com/bhuved/unit1-git-practice.git
 * [new branch]      main -> main
branch 'main' set up to track 'origin/main'.

### Step 6

$ ls
menu.txt  my-steps.txt  plants/  proteins/  sweets/  veggies/

$ git status
On branch main
Your branch is up to date with 'origin/main'.

Untracked files:
  (use "git add <file>..." to include in what will be committed)
        menu.txt

nothing added to commit but untracked files present (use "git add" to track)


### Step 7
*** DO NOT RECORD STEP 7 ***